// Jest Snapshot v1, https://goo.gl/fbAQLP

exports[`App should match the snapshot with all data passed in 1`] = `
<div>
  <h1>
    Trivia!
  </h1>
  <Controls
    setLimit={[Function]}
  />
  <TriviaList
    questionCount={5}
    triviaQuestions={
      Array [
        Object {
          "category": "Entertainment: Video Games",
          "correct_answer": "October 29, 2003",
          "difficulty": "hard",
          "id": 1,
          "incorrect_answers": Array [
            "December 1, 2003",
            "November 14, 2002",
            "July 18, 2004",
          ],
          "title": "When was the first Call of Duty title released?",
          "type": "multiple",
        },
        Object {
          "category": "Entertainment: Books",
          "correct_answer": "7",
          "difficulty": "medium",
          "id": 2,
          "incorrect_answers": Array [
            "6",
            "8",
            "5",
          ],
          "title": "How many books are in the Chronicles of Narnia series?",
          "type": "multiple",
        },
        Object {
          "category": "Entertainment: Film",
          "correct_answer": "False",
          "difficulty": "easy",
          "id": 3,
          "incorrect_answers": Array [
            "True",
          ],
          "title": "Han Solo's co-pilot and best friend, 'Chewbacca', is an Ewok.",
          "type": "boolean",
        },
        Object {
          "category": "General Knowledge",
          "correct_answer": "100 Megatons",
          "difficulty": "medium",
          "id": 4,
          "incorrect_answers": Array [
            "200 Megatons",
            "75 Megatons",
            "150 Megatons",
          ],
          "title": "The Tsar Bomba, the most powerful nuclear bomb ever tested, had a yield of 50 megatons but theoretically had a maximum yield of how much?",
          "type": "multiple",
        },
        Object {
          "category": "Entertainment: Video Games",
          "correct_answer": "Midwest Militia",
          "difficulty": "medium",
          "id": 5,
          "incorrect_answers": Array [
            "Phoenix Connection",
            "Elite Crew",
            "Guerrilla Warfare",
          ],
          "title": "Which of these is NOT a terrorist faction in Counter-Strike (2000)?",
          "type": "multiple",
        },
        Object {
          "category": "Entertainment: Video Games",
          "correct_answer": "Spasim",
          "difficulty": "medium",
          "id": 6,
          "incorrect_answers": Array [
            "Doom",
            "Wolfenstein",
            "Quake",
          ],
          "title": "Which of these games was the earliest known first-person shooter with a known time of publication?",
          "type": "multiple",
        },
        Object {
          "category": "Entertainment: Film",
          "correct_answer": "Chocolate syrup",
          "difficulty": "hard",
          "id": 7,
          "incorrect_answers": Array [
            "Ketchup",
            "Red food coloring",
            "Maple syrup",
          ],
          "title": "What did Alfred Hitchcock use as blood in the film 'Psycho'? ",
          "type": "multiple",
        },
        Object {
          "category": "Entertainment: Video Games",
          "correct_answer": "7",
          "difficulty": "medium",
          "id": 8,
          "incorrect_answers": Array [
            "5",
            "10",
            "12",
          ],
          "title": "How many Star Spirits do you rescue in the Nintendo 64 video game 'Paper Mario'?",
          "type": "multiple",
        },
        Object {
          "category": "Entertainment: Film",
          "correct_answer": "George Clooney",
          "difficulty": "medium",
          "id": 9,
          "incorrect_answers": Array [
            "Michael Keaton",
            "Val Kilmer",
            "Christian Bale",
          ],
          "title": "Who played Batman in the 1997 film 'Batman and Robin'?",
          "type": "multiple",
        },
        Object {
          "category": "Entertainment: Film",
          "correct_answer": "Cool Hand Luke",
          "difficulty": "medium",
          "id": 10,
          "incorrect_answers": Array [
            "Bonnie and Clyde",
            "The Graduate",
            "In the Heat of the Night",
          ],
          "title": "This movie contains the quote, 'What we've got here is a failure to communicate.'",
          "type": "multiple",
        },
        Object {
          "category": "Entertainment: Books",
          "correct_answer": "Hans Christian Andersen",
          "difficulty": "medium",
          "id": 11,
          "incorrect_answers": Array [
            "Charles Dickens",
            "Lewis Carroll",
            "Oscar Wilde",
          ],
          "title": "Who wrote the children's story 'The Little Match Girl'?",
          "type": "multiple",
        },
        Object {
          "category": "Science & Nature",
          "correct_answer": "Hydroxyl",
          "difficulty": "hard",
          "id": 12,
          "incorrect_answers": Array [
            "Carbonyl",
            "Alkyl",
            "Aldehyde",
          ],
          "title": "An organic compound is considered an alcohol if it has what functional group?",
          "type": "multiple",
        },
        Object {
          "category": "Mythology",
          "correct_answer": "Poseidon",
          "difficulty": "medium",
          "id": 13,
          "incorrect_answers": Array [
            "Ares",
            "Zeus",
            "Apollo",
          ],
          "title": "Neptune's greek name was...",
          "type": "multiple",
        },
        Object {
          "category": "General Knowledge",
          "correct_answer": "A body pillow",
          "difficulty": "medium",
          "id": 14,
          "incorrect_answers": Array [
            "A Chinese meal, essentially composed of fish",
            "A yoga posture",
            "A word used to describe two people who truly love each other",
          ],
          "title": "What is a 'dakimakura'?",
          "type": "multiple",
        },
        Object {
          "category": "Geography",
          "correct_answer": "Suriname",
          "difficulty": "medium",
          "id": 15,
          "incorrect_answers": Array [
            "Burkina Faso",
            "Mozambique",
            "Algeria",
          ],
          "title": "Which of these countries is NOT located in Africa?",
          "type": "multiple",
        },
        Object {
          "category": "Entertainment: Comics",
          "correct_answer": "Calvin and Hobbes",
          "difficulty": "medium",
          "id": 16,
          "incorrect_answers": Array [
            "Winnie the Pooh",
            "Albert and Pogo",
            "Peanuts",
          ],
          "title": "What is the name of the comic about a young boy, and a tiger who is actually a stuffed animal?",
          "type": "multiple",
        },
        Object {
          "category": "History",
          "correct_answer": "False",
          "difficulty": "easy",
          "id": 17,
          "incorrect_answers": Array [
            "True",
          ],
          "title": "The United States was a member of the League of Nations.",
          "type": "boolean",
        },
        Object {
          "category": "Entertainment: Video Games",
          "correct_answer": "14",
          "difficulty": "medium",
          "id": 18,
          "incorrect_answers": Array [
            "13",
            "16",
            "11",
          ],
          "title": "In the 2002 video game 'Kingdom Hearts', how many playable worlds were there?",
          "type": "multiple",
        },
        Object {
          "category": "General Knowledge",
          "correct_answer": "Simjang",
          "difficulty": "hard",
          "id": 19,
          "incorrect_answers": Array [
            "Aejeong",
            "Jeongsin",
            "Segseu",
          ],
          "title": "What is the romanized Korean word for 'heart'?",
          "type": "multiple",
        },
        Object {
          "category": "Sports",
          "correct_answer": "Moscow",
          "difficulty": "hard",
          "id": 20,
          "incorrect_answers": Array [
            "Barcelona",
            "Tokyo",
            "Los Angeles",
          ],
          "title": "Where was the Games of the XXII Olympiad held?",
          "type": "multiple",
        },
        Object {
          "category": "History",
          "correct_answer": "April 4th, 1925",
          "difficulty": "hard",
          "id": 21,
          "incorrect_answers": Array [
            "September 1st, 1941",
            "March 8th, 1935",
            "February 21st, 1926",
          ],
          "title": "When was the SS or Schutzstaffel established?",
          "type": "multiple",
        },
        Object {
          "category": "General Knowledge",
          "correct_answer": "True",
          "difficulty": "easy",
          "id": 22,
          "incorrect_answers": Array [
            "False",
          ],
          "title": "You can legally drink alcohol while driving in Mississippi.",
          "type": "boolean",
        },
        Object {
          "category": "Entertainment: Video Games",
          "correct_answer": "Hydra",
          "difficulty": "medium",
          "id": 23,
          "incorrect_answers": Array [
            "Cthulu",
            "Spike",
            "Tremor",
          ],
          "title": "Which of these is the name of a cut enemy from 'Half-Life 2'?",
          "type": "multiple",
        },
        Object {
          "category": "Entertainment: Film",
          "correct_answer": "Peter Cushing",
          "difficulty": "medium",
          "id": 24,
          "incorrect_answers": Array [
            "Boris Karloff",
            "Vincent Price",
            "Lon Chaney Jr.",
          ],
          "title": "Who played Baron Victor Frankestein in the 1957 Hammer horror film 'The Curse of Frankenstein'?",
          "type": "multiple",
        },
        Object {
          "category": "Vehicles",
          "correct_answer": "Ford",
          "difficulty": "medium",
          "id": 25,
          "incorrect_answers": Array [
            "Buick",
            "Cadillac",
            "Chevrolet",
          ],
          "title": "Which car brand does NOT belong to General Motors?",
          "type": "multiple",
        },
        Object {
          "category": "Vehicles",
          "correct_answer": "Previously independent automobile manufacturers",
          "difficulty": "medium",
          "id": 26,
          "incorrect_answers": Array [
            "States in which Audi makes the most sales",
            "Main cities vital to Audi",
            "Countries in which Audi makes the most sales",
          ],
          "title": "What do the 4 Rings in Audi's Logo represent?",
          "type": "multiple",
        },
        Object {
          "category": "Animals",
          "correct_answer": "Canis Lupus",
          "difficulty": "hard",
          "id": 27,
          "incorrect_answers": Array [
            "Canis Aureus",
            "Canis Latrans",
            "Canis Lupus Lycaon",
          ],
          "title": "What is the Gray Wolf's scientific name?",
          "type": "multiple",
        },
        Object {
          "category": "Entertainment: Video Games",
          "correct_answer": "Charcoal",
          "difficulty": "easy",
          "id": 28,
          "incorrect_answers": Array [
            "Coal",
            "Wheat",
            "String",
          ],
          "title": "In vanilla Minecraft, which of the following cannot be made into a block?",
          "type": "multiple",
        },
        Object {
          "category": "Entertainment: Video Games",
          "correct_answer": "Frank Smith",
          "difficulty": "medium",
          "id": 29,
          "incorrect_answers": Array [
            "Mask de Smith",
            "Dan Smith",
            "Coyote Smith",
          ],
          "title": "Which is not a playable character in the 2005 video game Killer7?",
          "type": "multiple",
        },
        Object {
          "category": "Entertainment: Television",
          "correct_answer": "The United States of America",
          "difficulty": "easy",
          "id": 30,
          "incorrect_answers": Array [
            "Canada",
            "Venezuala",
            "England",
          ],
          "title": "What country is Cory in the House set in?",
          "type": "multiple",
        },
        Object {
          "category": "History",
          "correct_answer": "Golf",
          "difficulty": "easy",
          "id": 31,
          "incorrect_answers": Array [
            "Football",
            "Tennis",
            "Soccer",
          ],
          "title": "What was the first sport to have been played on the moon?",
          "type": "multiple",
        },
        Object {
          "category": "Vehicles",
          "correct_answer": "1UZ-FE",
          "difficulty": "hard",
          "id": 32,
          "incorrect_answers": Array [
            "2JZ-GTE",
            "7M-GTE",
            "5M-GE",
          ],
          "title": "What engine is in the Lexus SC400?",
          "type": "multiple",
        },
        Object {
          "category": "Entertainment: Music",
          "correct_answer": "2011",
          "difficulty": "hard",
          "id": 33,
          "incorrect_answers": Array [
            "2014",
            "2013",
            "2012",
          ],
          "title": "Which year was the album 'Floral Shoppe' by Macintosh Plus released?",
          "type": "multiple",
        },
        Object {
          "category": "Entertainment: Television",
          "correct_answer": "Scotland",
          "difficulty": "hard",
          "id": 34,
          "incorrect_answers": Array [
            "England",
            "Sweden",
            "Germany",
          ],
          "title": "Which country does the YouTuber 'SinowBeats' originate from?",
          "type": "multiple",
        },
        Object {
          "category": "Entertainment: Film",
          "correct_answer": "False",
          "difficulty": "hard",
          "id": 35,
          "incorrect_answers": Array [
            "True",
          ],
          "title": "'Cube', 'Cube 2: Hypercube' and 'Cube Zero' were directed by the same person.",
          "type": "boolean",
        },
        Object {
          "category": "Entertainment: Music",
          "correct_answer": "True",
          "difficulty": "medium",
          "id": 36,
          "incorrect_answers": Array [
            "False",
          ],
          "title": "EDM label Monstercat signs tracks instead of artists.",
          "type": "boolean",
        },
        Object {
          "category": "Geography",
          "correct_answer": "1,776 ft",
          "difficulty": "medium",
          "id": 37,
          "incorrect_answers": Array [
            "1,888 ft",
            "1,225 ft",
            "1,960 ft",
          ],
          "title": "How tall is One World Trade Center in New York City?",
          "type": "multiple",
        },
        Object {
          "category": "Geography",
          "correct_answer": "Canadian Shield",
          "difficulty": "hard",
          "id": 38,
          "incorrect_answers": Array [
            "Rocky Mountains",
            "Appalachian Mountains",
            "Himalayas",
          ],
          "title": "What is the name of rocky region that spans most of eastern Canada?",
          "type": "multiple",
        },
        Object {
          "category": "History",
          "correct_answer": "Poison",
          "difficulty": "easy",
          "id": 39,
          "incorrect_answers": Array [
            "Decapitation",
            "Firing squad",
            "Crucifixion ",
          ],
          "title": "How was Socrates executed?",
          "type": "multiple",
        },
        Object {
          "category": "Sports",
          "correct_answer": "2009",
          "difficulty": "easy",
          "id": 40,
          "incorrect_answers": Array [
            "2008",
            "2010",
            "2011",
          ],
          "title": "What year did the New Orleans Saints win the Super Bowl?",
          "type": "multiple",
        },
        Object {
          "category": "General Knowledge",
          "correct_answer": "1979",
          "difficulty": "medium",
          "id": 41,
          "incorrect_answers": Array [
            "1984",
            "1972",
            "1980",
          ],
          "title": "When was Hubba Bubba first introduced?",
          "type": "multiple",
        },
        Object {
          "category": "Geography",
          "correct_answer": "Madrid",
          "difficulty": "easy",
          "id": 42,
          "incorrect_answers": Array [
            "Barcelona",
            "Sevilla",
            "Toledo",
          ],
          "title": "What is the capital of Spain?",
          "type": "multiple",
        },
        Object {
          "category": "Entertainment: Cartoon & Animations",
          "correct_answer": "Sadie and Lars",
          "difficulty": "easy",
          "id": 43,
          "incorrect_answers": Array [
            "Steven and James",
            "Erik and Julie",
            "Bob and May",
          ],
          "title": "In the show 'Steven Universe', who are the main two employees of The Big Donut?",
          "type": "multiple",
        },
        Object {
          "category": "Geography",
          "correct_answer": "New Delhi",
          "difficulty": "easy",
          "id": 44,
          "incorrect_answers": Array [
            "Bejing",
            "Montreal",
            "Tithi",
          ],
          "title": "What is the capital of India?",
          "type": "multiple",
        },
        Object {
          "category": "Entertainment: Television",
          "correct_answer": "House Majority Whip",
          "difficulty": "easy",
          "id": 45,
          "incorrect_answers": Array [
            "Attorney General",
            "President",
            "Chief of Staff",
          ],
          "title": "In season one of the Netflix political drama 'House of Cards', what government position does Frank Underwood hold?",
          "type": "multiple",
        },
        Object {
          "category": "History",
          "correct_answer": "Hampton Court",
          "difficulty": "medium",
          "id": 46,
          "incorrect_answers": Array [
            "St James's Palace",
            "Buckingham Palace",
            "Coughton Court",
          ],
          "title": "What was the name of one of the surviving palaces of Henry VIII located near Richmond, London?",
          "type": "multiple",
        },
        Object {
          "category": "Entertainment: Japanese Anime & Manga",
          "correct_answer": "Shiron",
          "difficulty": "hard",
          "id": 47,
          "incorrect_answers": Array [
            "Jack",
            "Axia",
            "Drum",
          ],
          "title": "Which one of these characters is from 'Legendz : Tale of the Dragon Kings'?",
          "type": "multiple",
        },
        Object {
          "category": "Entertainment: Music",
          "correct_answer": "Jones",
          "difficulty": "medium",
          "id": 48,
          "incorrect_answers": Array [
            "Johnson",
            "Edwards",
            "Carter",
          ],
          "title": "What was David Bowie's real surname?",
          "type": "multiple",
        },
        Object {
          "category": "Entertainment: Japanese Anime & Manga",
          "correct_answer": "She crawled into it's mouth as a baby.",
          "difficulty": "medium",
          "id": 49,
          "incorrect_answers": Array [
            "She found it scary.",
            "She was badly injured from it.",
            "It is part Bug.",
          ],
          "title": "In Pok&eacute;mon Chronicles, why was Misty afraid of Gyarados?",
          "type": "multiple",
        },
        Object {
          "category": "Celebrities",
          "correct_answer": "Auction Hunters",
          "difficulty": "medium",
          "id": 50,
          "incorrect_answers": Array [
            "Ramsay's Kitchen Nightmares",
            "Hotel Hell",
            "Hell's Kitchen",
          ],
          "title": "In which of these TV shows did the chef Gordon Ramsay not appear?",
          "type": "multiple",
        },
      ]
    }
  />
</div>
`;
